adslspider01.web.zw.ted:9090
adslspider02.web.zw.ted:9090
adslspider03.web.zw.ted:9090
adslspider04.web.zw.ted:9090
adslspider05.web.zw.ted:9090
adslspider06.web.zw.ted:9090
adslspider07.web.zw.ted:9090
adslspider08.web.zw.ted:9090
adslspider09.web.zw.ted:9090
adslspider10.web.zw.ted:9090
adslspider11.web.zw.ted:9090
adslspider12.web.zw.ted:9090
adslspider13.web.zw.ted:9090
adslspider14.web.zw.ted:9090
adslspider15.web.zw.ted:9090
adslspider16.web.zw.ted:9090
adslspider17.web.zw.ted:9090
adslspider18.web.zw.ted:9090
adslspider19.web.zw.ted:9090
adslspider20.web.zw.ted:9090
adslspider21.web.zw.ted:9090
adslspider22.web.zw.ted:9090
adslspider23.web.zw.ted:9090
adslspider24.web.zw.ted:9090
adslspider25.web.zw.ted:9090
adslspider26.web.zw.ted:9090
adslspider27.web.zw.ted:9090
adslspider28.web.zw.ted:9090
adslspider29.web.zw.ted:9090
adslspider30.web.zw.ted:9090
adslspider31.web.zw.ted:9090
adslspider32.web.zw.ted:9090
adslspider33.web.zw.ted:9090
adslspider34.web.zw.ted:9090
adslspider35.web.zw.ted:9090
adslspider36.web.zw.ted:9090
adslspider37.web.zw.ted:9090
adslspider38.web.zw.ted:9090
adslspider39.web.zw.ted:9090
adslspider40.web.zw.ted:9090
adslspider41.web.zw.ted:9090
adslspider42.web.zw.ted:9090
adslspider43.web.zw.ted:9090
adslspider44.web.zw.ted:9090
adslspider45.web.zw.ted:9090
adslspider46.web.zw.ted:9090
adslspider47.web.zw.ted:9090
adslspider48.web.zw.ted:9090
adslspider01.shop.zw.vm.ted:8080
adslspider02.shop.zw.vm.ted:8080
adslspider03.shop.zw.vm.ted:8080
adslspider04.shop.zw.vm.ted:8080
adslspider05.shop.zw.vm.ted:8080
adslspider06.shop.zw.vm.ted:8080
adslspider07.shop.zw.vm.ted:8080
adslspider08.shop.zw.vm.ted:8080
adslspider09.shop.zw.vm.ted:8080
adslspider10.shop.zw.vm.ted:8080
adslspider11.shop.zw.vm.ted:8080
adslspider12.shop.zw.vm.ted:8080
adslspider13.shop.zw.vm.ted:8080
adslspider14.shop.zw.vm.ted:8080
adslspider15.shop.zw.vm.ted:8080
adslspider16.shop.zw.vm.ted:8080
adslspider17.shop.zw.ted:8080
adslspider18.shop.zw.ted:8080
adslspider19.shop.zw.ted:8080
adslspider20.shop.zw.ted:8080
adslspider21.shop.zw.ted:8080
adslspider22.shop.zw.ted:8080
adslspider23.shop.zw.ted:8080
adslspider24.shop.zw.ted:8080
adslspider25.shop.zw.ted:8080
adslspider26.shop.zw.ted:8080
adslspider27.shop.zw.ted:8080
adslspider28.shop.zw.ted:8080
adslspider29.shop.zw.ted:8080
adslspider30.shop.zw.ted:8080
adslspider31.shop.zw.ted:8080
adslspider32.shop.zw.ted:8080
