7826937	王小川	王小川	微博	http://weibo.com/xiaochuanwang	http://10.134.96.110/apiopen/openapi/vrinfo?from=sogoubaike&reqtype=json&type=0&query=%E7%8E%8B%E5%B0%8F%E5%B7%9D%20%E5%BE%AE%E5%8D%9A
62894817	茹立云	茹立云	微博	null	http://10.134.96.110/apiopen/openapi/vrinfo?from=sogoubaike&reqtype=json&type=0&query=%E8%8C%B9%E7%AB%8B%E4%BA%91%20%E5%BE%AE%E5%8D%9A
67141057	吴滔	吴滔	微博	null	http://10.134.96.110/apiopen/openapi/vrinfo?from=sogoubaike&reqtype=json&type=0&query=%E5%90%B4%E6%BB%94%20%E5%BE%AE%E5%8D%9A
65452314	洪涛	洪涛	微博	null	http://10.134.96.110/apiopen/openapi/vrinfo?from=sogoubaike&reqtype=json&type=0&query=%E6%B4%AA%E6%B6%9B%20%E5%BE%AE%E5%8D%9A
65452019	杨洪涛	杨洪涛	微博	null	http://10.134.96.110/apiopen/openapi/vrinfo?from=sogoubaike&reqtype=json&type=0&query=%E6%9D%A8%E6%B4%AA%E6%B6%9B%20%E5%BE%AE%E5%8D%9A
62117	张朝阳	张朝阳	微博	http://weibo.com/u/1689281903	http://10.134.96.110/apiopen/openapi/vrinfo?from=sogoubaike&reqtype=json&type=0&query=%E5%BC%A0%E6%9C%9D%E9%98%B3%20%E5%BE%AE%E5%8D%9A
65084798	王昕	王昕	微博	null	http://10.134.96.110/apiopen/openapi/vrinfo?from=sogoubaike&reqtype=json&type=0&query=%E7%8E%8B%E6%98%95%20%E5%BE%AE%E5%8D%9A
154663	余楚媛	余楚媛	微博	null	http://10.134.96.110/apiopen/openapi/vrinfo?from=sogoubaike&reqtype=json&type=0&query=%E4%BD%99%E6%A5%9A%E5%AA%9B%20%E5%BE%AE%E5%8D%9A
64854620	方刚	方刚	微博	null	http://10.134.96.110/apiopen/openapi/vrinfo?from=sogoubaike&reqtype=json&type=0&query=%E6%96%B9%E5%88%9A%20%E5%BE%AE%E5%8D%9A
52023823	周霖	周霖	微博	null	http://10.134.96.110/apiopen/openapi/vrinfo?from=sogoubaike&reqtype=json&type=0&query=%E5%91%A8%E9%9C%96%20%E5%BE%AE%E5%8D%9A
64420540	邓晔	邓晔	微博	null	http://10.134.96.110/apiopen/openapi/vrinfo?from=sogoubaike&reqtype=json&type=0&query=%E9%82%93%E6%99%94%20%E5%BE%AE%E5%8D%9A
67142759	崔莉莉	崔莉莉	微博	null	http://10.134.96.110/apiopen/openapi/vrinfo?from=sogoubaike&reqtype=json&type=0&query=%E5%B4%94%E8%8E%89%E8%8E%89%20%E5%BE%AE%E5%8D%9A
67142776	施丽莉	施丽莉	微博	null	http://10.134.96.110/apiopen/openapi/vrinfo?from=sogoubaike&reqtype=json&type=0&query=%E6%96%BD%E4%B8%BD%E8%8E%89%20%E5%BE%AE%E5%8D%9A
67142957	张雪梅	张雪梅	微博	null	http://10.134.96.110/apiopen/openapi/vrinfo?from=sogoubaike&reqtype=json&type=0&query=%E5%BC%A0%E9%9B%AA%E6%A2%85%20%E5%BE%AE%E5%8D%9A
50763889	曾伏虎	曾伏虎	微博	null	http://10.134.96.110/apiopen/openapi/vrinfo?from=sogoubaike&reqtype=json&type=0&query=%E6%9B%BE%E4%BC%8F%E8%99%8E%20%E5%BE%AE%E5%8D%9A
67143771	曾怿	曾怿	微博	null	http://10.134.96.110/apiopen/openapi/vrinfo?from=sogoubaike&reqtype=json&type=0&query=%E6%9B%BE%E6%80%BF%20%E5%BE%AE%E5%8D%9A
61354755	王滔	王滔	微博	null	http://10.134.96.110/apiopen/openapi/vrinfo?from=sogoubaike&reqtype=json&type=0&query=%E7%8E%8B%E6%BB%94%20%E5%BE%AE%E5%8D%9A
67144093	盛雯	盛雯	微博	null	http://10.134.96.110/apiopen/openapi/vrinfo?from=sogoubaike&reqtype=json&type=0&query=%E7%9B%9B%E9%9B%AF%20%E5%BE%AE%E5%8D%9A
4594298	陈德文	陈德文	微博	null	http://10.134.96.110/apiopen/openapi/vrinfo?from=sogoubaike&reqtype=json&type=0&query=%E9%99%88%E5%BE%B7%E6%96%87%20%E5%BE%AE%E5%8D%9A
67144370	洪晓健	洪晓健	微博	null	http://10.134.96.110/apiopen/openapi/vrinfo?from=sogoubaike&reqtype=json&type=0&query=%E6%B4%AA%E6%99%93%E5%81%A5%20%E5%BE%AE%E5%8D%9A
67144577	潘文娟	潘文娟	微博	null	http://10.134.96.110/apiopen/openapi/vrinfo?from=sogoubaike&reqtype=json&type=0&query=%E6%BD%98%E6%96%87%E5%A8%9F%20%E5%BE%AE%E5%8D%9A
357476	吴宵光	吴宵光	微博	null	http://10.134.96.110/apiopen/openapi/vrinfo?from=sogoubaike&reqtype=json&type=0&query=%E5%90%B4%E5%AE%B5%E5%85%89%20%E5%BE%AE%E5%8D%9A
357470	网大为	网大为	微博	null	http://10.134.96.110/apiopen/openapi/vrinfo?from=sogoubaike&reqtype=json&type=0&query=%E7%BD%91%E5%A4%A7%E4%B8%BA%20%E5%BE%AE%E5%8D%9A
64259333	张小龙	张小龙	微博	null	http://10.134.96.110/apiopen/openapi/vrinfo?from=sogoubaike&reqtype=json&type=0&query=%E5%BC%A0%E5%B0%8F%E9%BE%99%20%E5%BE%AE%E5%8D%9A
18186968	马晓轶	马晓轶	微博	null	http://10.134.96.110/apiopen/openapi/vrinfo?from=sogoubaike&reqtype=json&type=0&query=%E9%A9%AC%E6%99%93%E8%BD%B6%20%E5%BE%AE%E5%8D%9A
51746600	罗硕瀚	罗硕瀚	微博	null	http://10.134.96.110/apiopen/openapi/vrinfo?from=sogoubaike&reqtype=json&type=0&query=%E7%BD%97%E7%A1%95%E7%80%9A%20%E5%BE%AE%E5%8D%9A
10154653	郭凯天	郭凯天	微博	null	http://10.134.96.110/apiopen/openapi/vrinfo?from=sogoubaike&reqtype=json&type=0&query=%E9%83%AD%E5%87%AF%E5%A4%A9%20%E5%BE%AE%E5%8D%9A
53007003	奚丹	奚丹	微博	null	http://10.134.96.110/apiopen/openapi/vrinfo?from=sogoubaike&reqtype=json&type=0&query=%E5%A5%9A%E4%B8%B9%20%E5%BE%AE%E5%8D%9A
173244	陈一丹	陈一丹	微博	null	http://10.134.96.110/apiopen/openapi/vrinfo?from=sogoubaike&reqtype=json&type=0&query=%E9%99%88%E4%B8%80%E4%B8%B9%20%E5%BE%AE%E5%8D%9A
340154	曾李青	曾李青	微博	null	http://10.134.96.110/apiopen/openapi/vrinfo?from=sogoubaike&reqtype=json&type=0&query=%E6%9B%BE%E6%9D%8E%E9%9D%92%20%E5%BE%AE%E5%8D%9A
357484	马喆人	马喆人	微博	null	http://10.134.96.110/apiopen/openapi/vrinfo?from=sogoubaike&reqtype=json&type=0&query=%E9%A9%AC%E5%96%86%E4%BA%BA%20%E5%BE%AE%E5%8D%9A
61544142	郑志昊	郑志昊	微博	null	http://10.134.96.110/apiopen/openapi/vrinfo?from=sogoubaike&reqtype=json&type=0&query=%E9%83%91%E5%BF%97%E6%98%8A%20%E5%BE%AE%E5%8D%9A
23831007	孙忠怀	孙忠怀	微博	null	http://10.134.96.110/apiopen/openapi/vrinfo?from=sogoubaike&reqtype=json&type=0&query=%E5%AD%99%E5%BF%A0%E6%80%80%20%E5%BE%AE%E5%8D%9A
67154288	程武	程武	微博	null	http://10.134.96.110/apiopen/openapi/vrinfo?from=sogoubaike&reqtype=json&type=0&query=%E7%A8%8B%E6%AD%A6%20%E5%BE%AE%E5%8D%9A
44106522	卜广齐	卜广齐	微博	null	http://10.134.96.110/apiopen/openapi/vrinfo?from=sogoubaike&reqtype=json&type=0&query=%E5%8D%9C%E5%B9%BF%E9%BD%90%20%E5%BE%AE%E5%8D%9A
67157250	谢呼	谢呼	微博	null	http://10.134.96.110/apiopen/openapi/vrinfo?from=sogoubaike&reqtype=json&type=0&query=%E8%B0%A2%E5%91%BC%20%E5%BE%AE%E5%8D%9A
67157253	丁珂	丁珂	微博	null	http://10.134.96.110/apiopen/openapi/vrinfo?from=sogoubaike&reqtype=json&type=0&query=%E4%B8%81%E7%8F%82%20%E5%BE%AE%E5%8D%9A
8559982	陈菊红	陈菊红	微博	null	http://10.134.96.110/apiopen/openapi/vrinfo?from=sogoubaike&reqtype=json&type=0&query=%E9%99%88%E8%8F%8A%E7%BA%A2%20%E5%BE%AE%E5%8D%9A
67157257	唐毅斌	唐毅斌	微博	null	http://10.134.96.110/apiopen/openapi/vrinfo?from=sogoubaike&reqtype=json&type=0&query=%E5%94%90%E6%AF%85%E6%96%8C%20%E5%BE%AE%E5%8D%9A
67157260	殷宇	殷宇	微博	null	http://10.134.96.110/apiopen/openapi/vrinfo?from=sogoubaike&reqtype=json&type=0&query=%E6%AE%B7%E5%AE%87%20%E5%BE%AE%E5%8D%9A
67157263	别洪涛	别洪涛	微博	null	http://10.134.96.110/apiopen/openapi/vrinfo?from=sogoubaike&reqtype=json&type=0&query=%E5%88%AB%E6%B4%AA%E6%B6%9B%20%E5%BE%AE%E5%8D%9A
67141196	彭迦信	彭迦信	微博	null	http://10.134.96.110/apiopen/openapi/vrinfo?from=sogoubaike&reqtype=json&type=0&query=%E5%BD%AD%E8%BF%A6%E4%BF%A1%20%E5%BE%AE%E5%8D%9A
7783316	刘强东	刘强东	微博	http://weibo.com/liuqiangdong	http://10.134.96.110/apiopen/openapi/vrinfo?from=sogoubaike&reqtype=json&type=0&query=%E5%88%98%E5%BC%BA%E4%B8%9C%20%E5%BE%AE%E5%8D%9A
6242	马化腾	马化腾	微博	null	http://10.134.96.110/apiopen/openapi/vrinfo?from=sogoubaike&reqtype=json&type=0&query=%E9%A9%AC%E5%8C%96%E8%85%BE%20%E5%BE%AE%E5%8D%9A
46797	刘炽平	刘炽平	微博	null	http://10.134.96.110/apiopen/openapi/vrinfo?from=sogoubaike&reqtype=json&type=0&query=%E5%88%98%E7%82%BD%E5%B9%B3%20%E5%BE%AE%E5%8D%9A
46945	张志东	张志东	微博	null	http://10.134.96.110/apiopen/openapi/vrinfo?from=sogoubaike&reqtype=json&type=0&query=%E5%BC%A0%E5%BF%97%E4%B8%9C%20%E5%BE%AE%E5%8D%9A
46965	许晨晔	许晨晔	微博	null	http://10.134.96.110/apiopen/openapi/vrinfo?from=sogoubaike&reqtype=json&type=0&query=%E8%AE%B8%E6%99%A8%E6%99%94%20%E5%BE%AE%E5%8D%9A
357460	任宇昕	任宇昕	微博	null	http://10.134.96.110/apiopen/openapi/vrinfo?from=sogoubaike&reqtype=json&type=0&query=%E4%BB%BB%E5%AE%87%E6%98%95%20%E5%BE%AE%E5%8D%9A
444691	james mitchell	james mitchell	微博	null	http://10.134.96.110/apiopen/openapi/vrinfo?from=sogoubaike&reqtype=json&type=0&query=james%20mitchell%20%E5%BE%AE%E5%8D%9A
46771	刘胜义	刘胜义	微博	null	http://10.134.96.110/apiopen/openapi/vrinfo?from=sogoubaike&reqtype=json&type=0&query=%E5%88%98%E8%83%9C%E4%B9%89%20%E5%BE%AE%E5%8D%9A
38059023	汤道生	汤道生	微博	null	http://10.134.96.110/apiopen/openapi/vrinfo?from=sogoubaike&reqtype=json&type=0&query=%E6%B1%A4%E9%81%93%E7%94%9F%20%E5%BE%AE%E5%8D%9A
6896830	卢山	卢山	微博	null	http://10.134.96.110/apiopen/openapi/vrinfo?from=sogoubaike&reqtype=json&type=0&query=%E5%8D%A2%E5%B1%B1%20%E5%BE%AE%E5%8D%9A
61756	马云	马云（阿里巴巴集团主要创始人之一）	微博	http://weibo.com/mayun	http://10.134.96.110/apiopen/openapi/vrinfo?from=sogoubaike&reqtype=json&type=0&query=%E9%A9%AC%E4%BA%91%20%E5%BE%AE%E5%8D%9A
7568476	蔡崇信	蔡崇信	微博	null	http://10.134.96.110/apiopen/openapi/vrinfo?from=sogoubaike&reqtype=json&type=0&query=%E8%94%A1%E5%B4%87%E4%BF%A1%20%E5%BE%AE%E5%8D%9A
710653	陆兆禧	陆兆禧	微博	null	http://10.134.96.110/apiopen/openapi/vrinfo?from=sogoubaike&reqtype=json&type=0&query=%E9%99%86%E5%85%86%E7%A6%A7%20%E5%BE%AE%E5%8D%9A
64417816	张勇	张勇（阿里巴巴集团董事兼首席运营官（COO））	微博	http://weibo.com/kevinzhang1204	http://10.134.96.110/apiopen/openapi/vrinfo?from=sogoubaike&reqtype=json&type=0&query=%E5%BC%A0%E5%8B%87%20%E5%BE%AE%E5%8D%9A
84757838	武卫	武卫（阿里巴巴集团首席财务官（CFO））	微博	null	http://10.134.96.110/apiopen/openapi/vrinfo?from=sogoubaike&reqtype=json&type=0&query=%E6%AD%A6%E5%8D%AB%20%E5%BE%AE%E5%8D%9A
84765544	王坚	王坚（阿里巴巴集团首席技术官（CTO））	微博	null	http://10.134.96.110/apiopen/openapi/vrinfo?from=sogoubaike&reqtype=json&type=0&query=%E7%8E%8B%E5%9D%9A%20%E5%BE%AE%E5%8D%9A
64493028	姜鹏	姜鹏（阿里巴巴集团副首席技术官）	微博	http://weibo.com/yirenjiangpeng	http://10.134.96.110/apiopen/openapi/vrinfo?from=sogoubaike&reqtype=json&type=0&query=%E5%A7%9C%E9%B9%8F%20%E5%BE%AE%E5%8D%9A
64817759	彭蕾	彭蕾（阿里巴巴集团首席人才官（CPO））	微博	null	http://10.134.96.110/apiopen/openapi/vrinfo?from=sogoubaike&reqtype=json&type=0&query=%E5%BD%AD%E8%95%BE%20%E5%BE%AE%E5%8D%9A
7925679	邵晓锋	邵晓锋	微博	null	http://10.134.96.110/apiopen/openapi/vrinfo?from=sogoubaike&reqtype=json&type=0&query=%E9%82%B5%E6%99%93%E9%94%8B%20%E5%BE%AE%E5%8D%9A
65076396	戴珊	戴珊（阿里巴巴集团首席客户服务官（CCO））	微博	null	http://10.134.96.110/apiopen/openapi/vrinfo?from=sogoubaike&reqtype=json&type=0&query=%E6%88%B4%E7%8F%8A%20%E5%BE%AE%E5%8D%9A
84821296	石义德	石义德	微博	null	http://10.134.96.110/apiopen/openapi/vrinfo?from=sogoubaike&reqtype=json&type=0&query=%E7%9F%B3%E4%B9%89%E5%BE%B7%20%E5%BE%AE%E5%8D%9A
54257658	金建杭	金建杭	微博	null	http://10.134.96.110/apiopen/openapi/vrinfo?from=sogoubaike&reqtype=json&type=0&query=%E9%87%91%E5%BB%BA%E6%9D%AD%20%E5%BE%AE%E5%8D%9A
76509	李彦宏	李彦宏	微博	null	http://10.134.96.110/apiopen/openapi/vrinfo?from=sogoubaike&reqtype=json&type=0&query=%E6%9D%8E%E5%BD%A6%E5%AE%8F%20%E5%BE%AE%E5%8D%9A
5332325	李昕晢	李昕晢	微博	null	http://10.134.96.110/apiopen/openapi/vrinfo?from=sogoubaike&reqtype=json&type=0&query=%E6%9D%8E%E6%98%95%E6%99%A2%20%E5%BE%AE%E5%8D%9A
41738	张亚勤	张亚勤	微博	http://weibo.com/zhangyaqin	http://10.134.96.110/apiopen/openapi/vrinfo?from=sogoubaike&reqtype=json&type=0&query=%E5%BC%A0%E4%BA%9A%E5%8B%A4%20%E5%BE%AE%E5%8D%9A
64368378	王劲	王劲（百度技术副总裁）	微博	null	http://10.134.96.110/apiopen/openapi/vrinfo?from=sogoubaike&reqtype=json&type=0&query=%E7%8E%8B%E5%8A%B2%20%E5%BE%AE%E5%8D%9A
8069557	向海龙	向海龙	微博	null	http://10.134.96.110/apiopen/openapi/vrinfo?from=sogoubaike&reqtype=json&type=0&query=%E5%90%91%E6%B5%B7%E9%BE%99%20%E5%BE%AE%E5%8D%9A
64987613	王湛	王湛（百度副总裁）	微博	null	http://10.134.96.110/apiopen/openapi/vrinfo?from=sogoubaike&reqtype=json&type=0&query=%E7%8E%8B%E6%B9%9B%20%E5%BE%AE%E5%8D%9A
64591751	朱光	朱光（百度副总裁）	微博	null	http://10.134.96.110/apiopen/openapi/vrinfo?from=sogoubaike&reqtype=json&type=0&query=%E6%9C%B1%E5%85%89%20%E5%BE%AE%E5%8D%9A
6283070	刘辉	刘辉（百度人力资源和行政管理副总裁）	微博	null	http://10.134.96.110/apiopen/openapi/vrinfo?from=sogoubaike&reqtype=json&type=0&query=%E5%88%98%E8%BE%89%20%E5%BE%AE%E5%8D%9A
64823937	梁志祥	梁志祥（百度副总裁兼CEO助理）	微博	null	http://10.134.96.110/apiopen/openapi/vrinfo?from=sogoubaike&reqtype=json&type=0&query=%E6%A2%81%E5%BF%97%E7%A5%A5%20%E5%BE%AE%E5%8D%9A
7738095	孙云丰	孙云丰	微博	null	http://10.134.96.110/apiopen/openapi/vrinfo?from=sogoubaike&reqtype=json&type=0&query=%E5%AD%99%E4%BA%91%E4%B8%B0%20%E5%BE%AE%E5%8D%9A
64849403	李明远	李明远（百度副总裁）	微博	null	http://10.134.96.110/apiopen/openapi/vrinfo?from=sogoubaike&reqtype=json&type=0&query=%E6%9D%8E%E6%98%8E%E8%BF%9C%20%E5%BE%AE%E5%8D%9A
257404	雷军	雷军（IT企业家、小米创始人）	微博	http://weibo.com/leijun	http://10.134.96.110/apiopen/openapi/vrinfo?from=sogoubaike&reqtype=json&type=0&query=%E9%9B%B7%E5%86%9B%20%E5%BE%AE%E5%8D%9A
10936839	贾跃亭	贾跃亭	微博	http://weibo.com/letvletv	http://10.134.96.110/apiopen/openapi/vrinfo?from=sogoubaike&reqtype=json&type=0&query=%E8%B4%BE%E8%B7%83%E4%BA%AD%20%E5%BE%AE%E5%8D%9A
50140	杨元庆	杨元庆	微博	http://weibo.com/u/5347290193	http://10.134.96.110/apiopen/openapi/vrinfo?from=sogoubaike&reqtype=json&type=0&query=%E6%9D%A8%E5%85%83%E5%BA%86%20%E5%BE%AE%E5%8D%9A
152028	柳传志	柳传志	微博	http://weibo.com/liuchuanzhi	http://10.134.96.110/apiopen/openapi/vrinfo?from=sogoubaike&reqtype=json&type=0&query=%E6%9F%B3%E4%BC%A0%E5%BF%97%20%E5%BE%AE%E5%8D%9A
451027	任正非	任正非	微博	null	http://10.134.96.110/apiopen/openapi/vrinfo?from=sogoubaike&reqtype=json&type=0&query=%E4%BB%BB%E6%AD%A3%E9%9D%9E%20%E5%BE%AE%E5%8D%9A
142029	史玉柱	史玉柱	微博	http://weibo.com/shiyuzhu	http://10.134.96.110/apiopen/openapi/vrinfo?from=sogoubaike&reqtype=json&type=0&query=%E5%8F%B2%E7%8E%89%E6%9F%B1%20%E5%BE%AE%E5%8D%9A
64274	陈天桥	陈天桥	微博	null	http://10.134.96.110/apiopen/openapi/vrinfo?from=sogoubaike&reqtype=json&type=0&query=%E9%99%88%E5%A4%A9%E6%A1%A5%20%E5%BE%AE%E5%8D%9A
152066	唐骏	唐骏（港澳资讯董事长兼CEO）	微博	http://weibo.com/tangjun	http://10.134.96.110/apiopen/openapi/vrinfo?from=sogoubaike&reqtype=json&type=0&query=%E5%94%90%E9%AA%8F%20%E5%BE%AE%E5%8D%9A
95199	李开复	李开复	微博	http://weibo.com/kaifulee	http://10.134.96.110/apiopen/openapi/vrinfo?from=sogoubaike&reqtype=json&type=0&query=%E6%9D%8E%E5%BC%80%E5%A4%8D%20%E5%BE%AE%E5%8D%9A
