
#..................... recommend online server ..........................

#bus server
10.241.83.40	cupid	cupid_serv	h_busserver	#   /data9/bus/

#recommend leveldb  server
# /data9/cupid_db/
10.241.83.40	cupid	cupid_serv	h_ldb	 
10.241.83.34	cupid	cupid_serv	h_ldb	
10.241.83.26	cupid	cupid_serv	h_ldb	 
10.241.83.31	cupid	cupid_serv	h_ldb	 

#recommend retrieval & interest server. q2u & q2q
#Q2u: /data/cupid_q2u/datacenter/;  
#Q2q: /data1/cupid_q2q/datacenter/bin/
#interest: /data/cupid_q2u/datacenter/interest
10.241.80.203	cupid	cupid_serv	h_retrieval	  
10.241.80.219	cupid	cupid_serv	h_retrieval	  
10.241.80.160	cupid	cupid_serv	h_retrieval	  
10.241.80.196	cupid	cupid_serv	h_retrieval	  

#recommend recommend server. q2u & q2q
#Q2q:/data1/cupid_q2q/service/recommend; 
#Q2u:/data/cupid_q2u/service/recommend
10.241.80.203	cupid	cupid_serv	h_recommend	 
10.241.80.219	cupid	cupid_serv	h_recommend	#  
10.241.80.160	cupid	cupid_serv	h_recommend	#  
10.241.80.196	cupid	cupid_serv	h_recommend	#  

#.................... end recomemnd online server ...........................
10.241.80.202	cupid	cupid_serv	h_recommend	#  

#var www
10.241.83.21	cupid	cupid_serv	h_web	#include retrival*2:54351/54352, dastaprocess*1:61016
10.241.83.22	cupid	cupid_serv	h_web	#include retrival*2:54351/54352, dastaprocess*1:61016
10.241.83.21	wdh	wdh123	h_wdh	#include retrival*2:54351/54352, dastaprocess*1:61016
10.241.83.22	wdh	wdh123	h_wdh	#include retrival*2:54351/54352, dastaprocess*1:61016

10.241.83.21	root	1)lVtZhBS,u	h_rootweb	#include retrival*2:54351/54352, dastaprocess*1:61016
10.241.83.22	root	wN1eKdXvUMk	h_rootweb	#include retrival*2:54351/54352, dastaprocess*1:61016

#new host
10.241.80.203	cupid	cupid_serv	h_newqqgroup	# /data/cupid_v2.1_release/shell, port: 12003 
10.241.80.219	cupid	cupid_serv	h_newqqgroup	# /data/cupid_v2.1_release/shell, port: 12003 

#new host
10.241.80.196	cupid	cupid_serv	h_newq2q	# /data/cupid_v2.1_release/shell, port: 12003 
10.241.80.219	cupid	cupid_serv	h_newq2q	# /data/cupid_v2.1_release/shell, port: 12003 
10.241.80.203	cupid	cupid_serv	h_newq2q	# /data/cupid_v2.1_release/shell, port: 12003 
10.241.80.160	cupid	cupid_serv	h_newq2q	# /data/cupid_v2.1_release/shell, port: 12003 

#other server
10.241.83.26	cupid	cupid_serv	h_seg	# /data/cupid_v2.1_release/shell, port: 12003 
10.241.83.43	cupid	cupid_serv	h_seg	# /data/cupid_v2.1_release/shell, port: 12003 
10.241.83.42	cupid	cupid_serv	h_seg	# /data/cupid_v2.1_release/shell, port: 12003 

#v2.x training data
10.204.20.170	cupid	cupid_serv	h_train		#in: /data1/youngfeng/cupid_v3.2
10.204.20.173	cupid	cupid_serv	h_train		#in: /data1/youngfeng/cupid_v3.2
10.204.20.44	cupid	cupid_serv	h_train		#in: data5/cupid_v2.1_ww_usercenter_clklog, /data11/cupid_v2.1_history 
10.137.129.153	stat	stat	h_answerlog	#in: /data/stat/WenwenLogFrom10.134.135.28ï question*
10.137.129.139	stat	stat@bj	h_heyelog	#in: /data/stat/WenwenLogFrom10.134.135.28ï question*

#tagserver
10.137.17.145	twenwen	T5enwen	h_tag	#tagserver
10.137.17.146	twenwen	T5enwen	h_tag	#tagserver
10.241.81.6 	cupid	noSafeNoWork@2017	h_tag	
10.241.80.211 	cupid	noSafeNoWork@2017	h_tag	
10.137.11.236 	cupid	noSafeNoWork@2017 	h_tagtest
10.137.17.145	root	BldjsEo,JFa	h_tagroot	#tagserver
10.137.17.146	root	gs0B+o6MZK4	h_tagroot	#tagserver
10.241.81.6		root	fcCUO0jqH3b h_tagroot	
10.241.80.211 	root	2ZP+CFhprfX h_tagroot
10.137.11.236	root	Dos@init3	h_tagtestroot

#site_tagserver
10.241.81.10	twenwen	T5enwen	h_sitetag	#site_tagserver
10.241.80.161	twenwen	T5enwen	h_sitetag	#site_tagserver
10.241.80.210	twenwen	T5enwen	h_sitetag	#site_tagserver
10.241.80.214	twenwen	T5enwen	h_sitetag	#site_tagserver

#billchen
10.204.11.148	twenwen T5enwen	h_bill	#/data1/billczhang/src

#yushu
10.209.17.93	twenwen	T5enwen	h_yushu	#/data/yangyushu/blade/wenwen_tag/service
10.241.80.214	twenwen	T5enwen	h_cate #/data/yangyushu/blade/wenwen_tag/service
10.241.80.210 	twenwen	T5enwen	h_cate #/data/yangyushu/blade/wenwen_tag/service

#qunwenwen.data; all data
10.129.140.84	snswenwen	Sn5wenwen	h_qunwenwen

#free hosts
10.241.81.4		cupid	cupid_serv	h_tightness #  

#test
10.137.0.107	snswenwen	Sn5wenwen h_test

10.170.2.33	soso	soso@soso.com	h_transfer	# /data1/wenwen_onlinesearch_push/

10.1.152.52	root	ShequSearch@sosO	h_pat  #/data6/patricklu
